Found 2 test(s).
